Data sufficiency report — 2026-09-13 04:29

============================================================
NIFTY — chain data
============================================================
Total rows: 25
Trading days with data: 1
Date range: 2026-09-13 to 2026-09-13

WARNING: 1 day(s) with fewer than 300 rows (possible partial log day — worth checking error_log for that date):
    2026-09-13: 25 rows

NOT READY for training: 1/20 trading days collected.
Roughly 19 more trading day(s) needed before this crosses even the minimum floor — and crossing the floor means 'trainable without pure noise-fitting', not 'reliable'.

============================================================
CRUDEOILM — chain data
============================================================
Total rows: 25
Trading days with data: 1
Date range: 2026-09-13 to 2026-09-13

WARNING: 1 day(s) with fewer than 300 rows (possible partial log day — worth checking error_log for that date):
    2026-09-13: 25 rows

NOT READY for training: 1/20 trading days collected.
Roughly 19 more trading day(s) needed before this crosses even the minimum floor — and crossing the floor means 'trainable without pure noise-fitting', not 'reliable'.

============================================================
SUMMARY
============================================================
  NIFTY: NOT READY (1 trading days)
  CRUDEOILM: NOT READY (1 trading days)
Data sufficiency report — 2026-09-13 19:06

============================================================
NIFTY — chain data
============================================================
Total rows: 25
Trading days with data: 1
Date range: 2026-09-13 to 2026-09-13

WARNING: 1 day(s) with fewer than 300 rows (possible partial log day — worth checking error_log for that date):
    2026-09-13: 25 rows

NOT READY for training: 1/20 trading days collected.
Roughly 19 more trading day(s) needed before this crosses even the minimum floor — and crossing the floor means 'trainable without pure noise-fitting', not 'reliable'.

============================================================
CRUDEOILM — chain data
============================================================
Total rows: 25
Trading days with data: 1
Date range: 2026-09-13 to 2026-09-13

WARNING: 1 day(s) with fewer than 300 rows (possible partial log day — worth checking error_log for that date):
    2026-09-13: 25 rows

NOT READY for training: 1/20 trading days collected.
Roughly 19 more trading day(s) needed before this crosses even the minimum floor — and crossing the floor means 'trainable without pure noise-fitting', not 'reliable'.

============================================================
SUMMARY
============================================================
  NIFTY: NOT READY (1 trading days)
  CRUDEOILM: NOT READY (1 trading days)
Data sufficiency report — 2026-09-13 19:16

============================================================
NIFTY — chain data
============================================================
Total rows: 25
Trading days with data: 1
Date range: 2026-09-13 to 2026-09-13

WARNING: 1 day(s) with fewer than 300 rows (possible partial log day — worth checking error_log for that date):
    2026-09-13: 25 rows

NOT READY for training: 1/20 trading days collected.
Roughly 19 more trading day(s) needed before this crosses even the minimum floor — and crossing the floor means 'trainable without pure noise-fitting', not 'reliable'.

============================================================
CRUDEOILM — chain data
============================================================
Total rows: 25
Trading days with data: 1
Date range: 2026-09-13 to 2026-09-13

WARNING: 1 day(s) with fewer than 300 rows (possible partial log day — worth checking error_log for that date):
    2026-09-13: 25 rows

NOT READY for training: 1/20 trading days collected.
Roughly 19 more trading day(s) needed before this crosses even the minimum floor — and crossing the floor means 'trainable without pure noise-fitting', not 'reliable'.

============================================================
SUMMARY
============================================================
  NIFTY: NOT READY (1 trading days)
  CRUDEOILM: NOT READY (1 trading days)
Data sufficiency report — 2026-09-13 19:20

============================================================
NIFTY — chain data
============================================================
Total rows: 25
Trading days with data: 1
Date range: 2026-09-13 to 2026-09-13

WARNING: 1 day(s) with fewer than 300 rows (possible partial log day — worth checking error_log for that date):
    2026-09-13: 25 rows

NOT READY for training: 1/20 trading days collected.
Roughly 19 more trading day(s) needed before this crosses even the minimum floor — and crossing the floor means 'trainable without pure noise-fitting', not 'reliable'.

============================================================
CRUDEOILM — chain data
============================================================
Total rows: 25
Trading days with data: 1
Date range: 2026-09-13 to 2026-09-13

WARNING: 1 day(s) with fewer than 300 rows (possible partial log day — worth checking error_log for that date):
    2026-09-13: 25 rows

NOT READY for training: 1/20 trading days collected.
Roughly 19 more trading day(s) needed before this crosses even the minimum floor — and crossing the floor means 'trainable without pure noise-fitting', not 'reliable'.

============================================================
SUMMARY
============================================================
  NIFTY: NOT READY (1 trading days)
  CRUDEOILM: NOT READY (1 trading days)
Data sufficiency report — 2026-09-13 19:25

============================================================
NIFTY — chain data
============================================================
Total rows: 25
Trading days with data: 1
Date range: 2026-09-13 to 2026-09-13

WARNING: 1 day(s) with fewer than 300 rows (possible partial log day — worth checking error_log for that date):
    2026-09-13: 25 rows

NOT READY for training: 1/20 trading days collected.
Roughly 19 more trading day(s) needed before this crosses even the minimum floor — and crossing the floor means 'trainable without pure noise-fitting', not 'reliable'.

============================================================
CRUDEOILM — chain data
============================================================
Total rows: 25
Trading days with data: 1
Date range: 2026-09-13 to 2026-09-13

WARNING: 1 day(s) with fewer than 300 rows (possible partial log day — worth checking error_log for that date):
    2026-09-13: 25 rows

NOT READY for training: 1/20 trading days collected.
Roughly 19 more trading day(s) needed before this crosses even the minimum floor — and crossing the floor means 'trainable without pure noise-fitting', not 'reliable'.

============================================================
SUMMARY
============================================================
  NIFTY: NOT READY (1 trading days)
  CRUDEOILM: NOT READY (1 trading days)
Data sufficiency report — 2026-09-13 19:43

============================================================
NIFTY — chain data
============================================================
Total rows: 25
Trading days with data: 1
Date range: 2026-09-13 to 2026-09-13

WARNING: 1 day(s) with fewer than 300 rows (possible partial log day — worth checking error_log for that date):
    2026-09-13: 25 rows

NOT READY for training: 1/20 trading days collected.
Roughly 19 more trading day(s) needed before this crosses even the minimum floor — and crossing the floor means 'trainable without pure noise-fitting', not 'reliable'.

============================================================
CRUDEOILM — chain data
============================================================
Total rows: 25
Trading days with data: 1
Date range: 2026-09-13 to 2026-09-13

WARNING: 1 day(s) with fewer than 300 rows (possible partial log day — worth checking error_log for that date):
    2026-09-13: 25 rows

NOT READY for training: 1/20 trading days collected.
Roughly 19 more trading day(s) needed before this crosses even the minimum floor — and crossing the floor means 'trainable without pure noise-fitting', not 'reliable'.

============================================================
SUMMARY
============================================================
  NIFTY: NOT READY (1 trading days)
  CRUDEOILM: NOT READY (1 trading days)
Data sufficiency report — 2026-09-14 20:12 IST

============================================================
NIFTY — chain data
============================================================
Total rows: 9450
Trading days with data: 2
Date range: 2026-09-13 to 2026-09-14

WARNING: 1 day(s) with fewer than 300 rows (possible partial log day — worth checking error_log for that date):
    2026-09-13: 25 rows

NOT READY for training: 2/20 trading days collected.
Roughly 18 more trading day(s) needed before this crosses even the minimum floor — and crossing the floor means 'trainable without pure noise-fitting', not 'reliable'.

============================================================
CRUDEOILM — chain data
============================================================
Total rows: 16800
Trading days with data: 2
Date range: 2026-09-13 to 2026-09-14

WARNING: 1 day(s) with fewer than 300 rows (possible partial log day — worth checking error_log for that date):
    2026-09-13: 25 rows

NOT READY for training: 2/20 trading days collected.
Roughly 18 more trading day(s) needed before this crosses even the minimum floor — and crossing the floor means 'trainable without pure noise-fitting', not 'reliable'.

============================================================
SUMMARY
============================================================
  NIFTY: NOT READY (2 trading days)
  CRUDEOILM: NOT READY (2 trading days)
Data sufficiency report — 2026-09-15 18:27 IST

============================================================
NIFTY — chain data
============================================================
Total rows: 18925
Trading days with data: 3
Date range: 2026-09-13 to 2026-09-15

WARNING: 1 day(s) with fewer than 300 rows (possible partial log day — worth checking error_log for that date):
    2026-09-13: 25 rows

NOT READY for training: 3/20 trading days collected.
Roughly 17 more trading day(s) needed before this crosses even the minimum floor — and crossing the floor means 'trainable without pure noise-fitting', not 'reliable'.

============================================================
CRUDEOILM — chain data
============================================================
Total rows: 36025
Trading days with data: 3
Date range: 2026-09-13 to 2026-09-15

WARNING: 1 day(s) with fewer than 300 rows (possible partial log day — worth checking error_log for that date):
    2026-09-13: 25 rows

NOT READY for training: 3/20 trading days collected.
Roughly 17 more trading day(s) needed before this crosses even the minimum floor — and crossing the floor means 'trainable without pure noise-fitting', not 'reliable'.

============================================================
SUMMARY
============================================================
  NIFTY: NOT READY (3 trading days)
  CRUDEOILM: NOT READY (3 trading days)
Data sufficiency report — 2026-09-16 20:06 IST

============================================================
NIFTY — chain data
============================================================
Total rows: 28225
Trading days with data: 4
Date range: 2026-09-13 to 2026-09-16

WARNING: 1 day(s) with fewer than 300 rows (possible partial log day — worth checking error_log for that date):
    2026-09-13: 25 rows

NOT READY for training: 4/20 trading days collected.
Roughly 16 more trading day(s) needed before this crosses even the minimum floor — and crossing the floor means 'trainable without pure noise-fitting', not 'reliable'.

============================================================
CRUDEOILM — chain data
============================================================
Total rows: 60200
Trading days with data: 4
Date range: 2026-09-13 to 2026-09-16

WARNING: 1 day(s) with fewer than 300 rows (possible partial log day — worth checking error_log for that date):
    2026-09-13: 25 rows

NOT READY for training: 4/20 trading days collected.
Roughly 16 more trading day(s) needed before this crosses even the minimum floor — and crossing the floor means 'trainable without pure noise-fitting', not 'reliable'.

============================================================
SUMMARY
============================================================
  NIFTY: NOT READY (4 trading days)
  CRUDEOILM: NOT READY (4 trading days)
Data sufficiency report — 2026-09-16 20:14 IST

============================================================
NIFTY — chain data
============================================================
Total rows: 28225
Trading days with data: 4
Date range: 2026-09-13 to 2026-09-16

WARNING: 1 day(s) with fewer than 300 rows (possible partial log day — worth checking error_log for that date):
    2026-09-13: 25 rows

NOT READY for training: 4/20 trading days collected.
Roughly 16 more trading day(s) needed before this crosses even the minimum floor — and crossing the floor means 'trainable without pure noise-fitting', not 'reliable'.

============================================================
CRUDEOILM — chain data
============================================================
Total rows: 60375
Trading days with data: 4
Date range: 2026-09-13 to 2026-09-16

WARNING: 1 day(s) with fewer than 300 rows (possible partial log day — worth checking error_log for that date):
    2026-09-13: 25 rows

NOT READY for training: 4/20 trading days collected.
Roughly 16 more trading day(s) needed before this crosses even the minimum floor — and crossing the floor means 'trainable without pure noise-fitting', not 'reliable'.

============================================================
SUMMARY
============================================================
  NIFTY: NOT READY (4 trading days)
  CRUDEOILM: NOT READY (4 trading days)
Data sufficiency report — 2026-09-16 20:18 IST

============================================================
NIFTY — chain data
============================================================
Total rows: 28225
Trading days with data: 4
Date range: 2026-09-13 to 2026-09-16

WARNING: 1 day(s) with fewer than 300 rows (possible partial log day — worth checking error_log for that date):
    2026-09-13: 25 rows

NOT READY for training: 4/20 trading days collected.
Roughly 16 more trading day(s) needed before this crosses even the minimum floor — and crossing the floor means 'trainable without pure noise-fitting', not 'reliable'.

============================================================
CRUDEOILM — chain data
============================================================
Total rows: 60475
Trading days with data: 4
Date range: 2026-09-13 to 2026-09-16

WARNING: 1 day(s) with fewer than 300 rows (possible partial log day — worth checking error_log for that date):
    2026-09-13: 25 rows

NOT READY for training: 4/20 trading days collected.
Roughly 16 more trading day(s) needed before this crosses even the minimum floor — and crossing the floor means 'trainable without pure noise-fitting', not 'reliable'.

============================================================
SUMMARY
============================================================
  NIFTY: NOT READY (4 trading days)
  CRUDEOILM: NOT READY (4 trading days)
Data sufficiency report — 2026-09-17 11:06 IST

============================================================
NIFTY — chain data
============================================================
Total rows: 30925
Trading days with data: 5
Date range: 2026-09-13 to 2026-09-17

WARNING: 1 day(s) with fewer than 300 rows (possible partial log day — worth checking error_log for that date):
    2026-09-13: 25 rows

NOT READY for training: 5/20 trading days collected.
Roughly 15 more trading day(s) needed before this crosses even the minimum floor — and crossing the floor means 'trainable without pure noise-fitting', not 'reliable'.

============================================================
CRUDEOILM — chain data
============================================================
Total rows: 68475
Trading days with data: 5
Date range: 2026-09-13 to 2026-09-17

WARNING: 1 day(s) with fewer than 300 rows (possible partial log day — worth checking error_log for that date):
    2026-09-13: 25 rows

NOT READY for training: 5/20 trading days collected.
Roughly 15 more trading day(s) needed before this crosses even the minimum floor — and crossing the floor means 'trainable without pure noise-fitting', not 'reliable'.

============================================================
SUMMARY
============================================================
  NIFTY: NOT READY (5 trading days)
  CRUDEOILM: NOT READY (5 trading days)
Data sufficiency report — 2026-09-18 19:14 IST

============================================================
NIFTY — chain data
============================================================
Total rows: 47350
Trading days with data: 6
Date range: 2026-09-13 to 2026-09-18

WARNING: 1 day(s) with fewer than 300 rows (possible partial log day — worth checking error_log for that date):
    2026-09-13: 25 rows

NOT READY for training: 6/20 trading days collected.
Roughly 14 more trading day(s) needed before this crosses even the minimum floor — and crossing the floor means 'trainable without pure noise-fitting', not 'reliable'.

============================================================
CRUDEOILM — chain data
============================================================
Total rows: 102800
Trading days with data: 6
Date range: 2026-09-13 to 2026-09-18

WARNING: 1 day(s) with fewer than 300 rows (possible partial log day — worth checking error_log for that date):
    2026-09-13: 25 rows

NOT READY for training: 6/20 trading days collected.
Roughly 14 more trading day(s) needed before this crosses even the minimum floor — and crossing the floor means 'trainable without pure noise-fitting', not 'reliable'.

============================================================
SUMMARY
============================================================
  NIFTY: NOT READY (6 trading days)
  CRUDEOILM: NOT READY (6 trading days)
Data sufficiency report — 2026-09-18 19:20 IST

============================================================
NIFTY — chain data
============================================================
Total rows: 47350
Trading days with data: 6
Date range: 2026-09-13 to 2026-09-18

WARNING: 1 day(s) with fewer than 300 rows (possible partial log day — worth checking error_log for that date):
    2026-09-13: 25 rows

NOT READY for training: 6/20 trading days collected.
Roughly 14 more trading day(s) needed before this crosses even the minimum floor — and crossing the floor means 'trainable without pure noise-fitting', not 'reliable'.

============================================================
CRUDEOILM — chain data
============================================================
Total rows: 102925
Trading days with data: 6
Date range: 2026-09-13 to 2026-09-18

WARNING: 1 day(s) with fewer than 300 rows (possible partial log day — worth checking error_log for that date):
    2026-09-13: 25 rows

NOT READY for training: 6/20 trading days collected.
Roughly 14 more trading day(s) needed before this crosses even the minimum floor — and crossing the floor means 'trainable without pure noise-fitting', not 'reliable'.

============================================================
SUMMARY
============================================================
  NIFTY: NOT READY (6 trading days)
  CRUDEOILM: NOT READY (6 trading days)
Data sufficiency report — 2026-09-18 23:45 IST

============================================================
NIFTY — chain data
============================================================
Total rows: 47350
Trading days with data: 6
Date range: 2026-09-13 to 2026-09-18

WARNING: 1 day(s) with fewer than 300 rows (possible partial log day — worth checking error_log for that date):
    2026-09-13: 25 rows

NOT READY for training: 6/20 trading days collected.
Roughly 14 more trading day(s) needed before this crosses even the minimum floor — and crossing the floor means 'trainable without pure noise-fitting', not 'reliable'.

============================================================
CRUDEOILM — chain data
============================================================
Total rows: 109225
Trading days with data: 6
Date range: 2026-09-13 to 2026-09-18

WARNING: 1 day(s) with fewer than 300 rows (possible partial log day — worth checking error_log for that date):
    2026-09-13: 25 rows

NOT READY for training: 6/20 trading days collected.
Roughly 14 more trading day(s) needed before this crosses even the minimum floor — and crossing the floor means 'trainable without pure noise-fitting', not 'reliable'.

============================================================
SUMMARY
============================================================
  NIFTY: NOT READY (6 trading days)
  CRUDEOILM: NOT READY (6 trading days)
Data sufficiency report — 2026-09-19 23:45 IST

============================================================
NIFTY — chain data
============================================================
Total rows: 47350
Trading days with data: 6
Date range: 2026-09-13 to 2026-09-18

WARNING: 1 day(s) with fewer than 300 rows (possible partial log day — worth checking error_log for that date):
    2026-09-13: 25 rows

NOT READY for training: 6/20 trading days collected.
Roughly 14 more trading day(s) needed before this crosses even the minimum floor — and crossing the floor means 'trainable without pure noise-fitting', not 'reliable'.

============================================================
CRUDEOILM — chain data
============================================================
Total rows: 109225
Trading days with data: 6
Date range: 2026-09-13 to 2026-09-18

WARNING: 1 day(s) with fewer than 300 rows (possible partial log day — worth checking error_log for that date):
    2026-09-13: 25 rows

NOT READY for training: 6/20 trading days collected.
Roughly 14 more trading day(s) needed before this crosses even the minimum floor — and crossing the floor means 'trainable without pure noise-fitting', not 'reliable'.

============================================================
SUMMARY
============================================================
  NIFTY: NOT READY (6 trading days)
  CRUDEOILM: NOT READY (6 trading days)
Data sufficiency report — 2026-09-20 22:02 IST

============================================================
NIFTY — chain data
============================================================
Total rows: 47350
Trading days with data: 5
Date range: 2026-09-13 to 2026-09-18

Excluded 1 real exchange holiday(s) from the count: 2026-09-14

WARNING: 1 day(s) with fewer than 300 rows (possible partial log day — worth checking error_log for that date):
    2026-09-13: 25 rows

NOT READY for training: 5/20 trading days collected.
Roughly 15 more trading day(s) needed before this crosses even the minimum floor — and crossing the floor means 'trainable without pure noise-fitting', not 'reliable'.

============================================================
CRUDEOILM — chain data
============================================================
Total rows: 109225
Trading days with data: 6
Date range: 2026-09-13 to 2026-09-18

WARNING: 1 day(s) with fewer than 300 rows (possible partial log day — worth checking error_log for that date):
    2026-09-13: 25 rows

NOT READY for training: 6/20 trading days collected.
Roughly 14 more trading day(s) needed before this crosses even the minimum floor — and crossing the floor means 'trainable without pure noise-fitting', not 'reliable'.

============================================================
SUMMARY
============================================================
  NIFTY: NOT READY (5 trading days)
  CRUDEOILM: NOT READY (6 trading days)
Data sufficiency report — 2026-09-21 19:38 IST

============================================================
NIFTY — chain data
============================================================
Total rows: 56750
Trading days with data: 6
Date range: 2026-09-13 to 2026-09-21

Excluded 1 real exchange holiday(s) from the count: 2026-09-14

WARNING: 1 day(s) with fewer than 300 rows (possible partial log day — worth checking error_log for that date):
    2026-09-13: 25 rows

NOT READY for training: 6/20 trading days collected.
Roughly 14 more trading day(s) needed before this crosses even the minimum floor — and crossing the floor means 'trainable without pure noise-fitting', not 'reliable'.

============================================================
CRUDEOILM — chain data
============================================================
Total rows: 125125
Trading days with data: 7
Date range: 2026-09-13 to 2026-09-21

WARNING: 1 day(s) with fewer than 300 rows (possible partial log day — worth checking error_log for that date):
    2026-09-13: 25 rows

NOT READY for training: 7/20 trading days collected.
Roughly 13 more trading day(s) needed before this crosses even the minimum floor — and crossing the floor means 'trainable without pure noise-fitting', not 'reliable'.

============================================================
SUMMARY
============================================================
  NIFTY: NOT READY (6 trading days)
  CRUDEOILM: NOT READY (7 trading days)
Data sufficiency report — 2026-09-21 20:11 IST

============================================================
NIFTY — chain data
============================================================
Total rows: 56750
Trading days with data: 6
Date range: 2026-09-13 to 2026-09-21

Excluded 1 real exchange holiday(s) from the count: 2026-09-14

WARNING: 1 day(s) with fewer than 300 rows (possible partial log day — worth checking error_log for that date):
    2026-09-13: 25 rows

NOT READY for training: 6/20 trading days collected.
Roughly 14 more trading day(s) needed before this crosses even the minimum floor — and crossing the floor means 'trainable without pure noise-fitting', not 'reliable'.

============================================================
CRUDEOILM — chain data
============================================================
Total rows: 125950
Trading days with data: 7
Date range: 2026-09-13 to 2026-09-21

WARNING: 1 day(s) with fewer than 300 rows (possible partial log day — worth checking error_log for that date):
    2026-09-13: 25 rows

NOT READY for training: 7/20 trading days collected.
Roughly 13 more trading day(s) needed before this crosses even the minimum floor — and crossing the floor means 'trainable without pure noise-fitting', not 'reliable'.

============================================================
SUMMARY
============================================================
  NIFTY: NOT READY (6 trading days)
  CRUDEOILM: NOT READY (7 trading days)
Data sufficiency report — 2026-09-21 23:46 IST

============================================================
NIFTY — chain data
============================================================
Total rows: 56750
Trading days with data: 6
Date range: 2026-09-13 to 2026-09-21

Excluded 1 real exchange holiday(s) from the count: 2026-09-14

WARNING: 1 day(s) with fewer than 300 rows (possible partial log day — worth checking error_log for that date):
    2026-09-13: 25 rows

NOT READY for training: 6/20 trading days collected.
Roughly 14 more trading day(s) needed before this crosses even the minimum floor — and crossing the floor means 'trainable without pure noise-fitting', not 'reliable'.

============================================================
CRUDEOILM — chain data
============================================================
Total rows: 130925
Trading days with data: 7
Date range: 2026-09-13 to 2026-09-21

WARNING: 1 day(s) with fewer than 300 rows (possible partial log day — worth checking error_log for that date):
    2026-09-13: 25 rows

NOT READY for training: 7/20 trading days collected.
Roughly 13 more trading day(s) needed before this crosses even the minimum floor — and crossing the floor means 'trainable without pure noise-fitting', not 'reliable'.

============================================================
SUMMARY
============================================================
  NIFTY: NOT READY (6 trading days)
  CRUDEOILM: NOT READY (7 trading days)
Data sufficiency report — 2026-09-22 01:57 IST

============================================================
NIFTY — chain data
============================================================
Total rows: 56750
Trading days with data: 6
Date range: 2026-09-13 to 2026-09-21

Excluded 1 real exchange holiday(s) from the count: 2026-09-14

WARNING: 1 day(s) with fewer than 300 rows (possible partial log day — worth checking error_log for that date):
    2026-09-13: 25 rows

NOT READY for training: 6/20 trading days collected.
Roughly 14 more trading day(s) needed before this crosses even the minimum floor — and crossing the floor means 'trainable without pure noise-fitting', not 'reliable'.

============================================================
CRUDEOILM — chain data
============================================================
Total rows: 130925
Trading days with data: 7
Date range: 2026-09-13 to 2026-09-21

WARNING: 1 day(s) with fewer than 300 rows (possible partial log day — worth checking error_log for that date):
    2026-09-13: 25 rows

NOT READY for training: 7/20 trading days collected.
Roughly 13 more trading day(s) needed before this crosses even the minimum floor — and crossing the floor means 'trainable without pure noise-fitting', not 'reliable'.

============================================================
SUMMARY
============================================================
  NIFTY: NOT READY (6 trading days)
  CRUDEOILM: NOT READY (7 trading days)
Data sufficiency report — 2026-09-22 20:23 IST

============================================================
NIFTY — chain data
============================================================
Total rows: 66150
Trading days with data: 7
Date range: 2026-09-13 to 2026-09-22

Excluded 1 real exchange holiday(s) from the count: 2026-09-14

WARNING: 1 day(s) with fewer than 300 rows (possible partial log day — worth checking error_log for that date):
    2026-09-13: 25 rows

NOT READY for training: 7/20 trading days collected.
Roughly 13 more trading day(s) needed before this crosses even the minimum floor — and crossing the floor means 'trainable without pure noise-fitting', not 'reliable'.

============================================================
CRUDEOILM — chain data
============================================================
Total rows: 147950
Trading days with data: 8
Date range: 2026-09-13 to 2026-09-22

WARNING: 1 day(s) with fewer than 300 rows (possible partial log day — worth checking error_log for that date):
    2026-09-13: 25 rows

NOT READY for training: 8/20 trading days collected.
Roughly 12 more trading day(s) needed before this crosses even the minimum floor — and crossing the floor means 'trainable without pure noise-fitting', not 'reliable'.

============================================================
SUMMARY
============================================================
  NIFTY: NOT READY (7 trading days)
  CRUDEOILM: NOT READY (8 trading days)
Data sufficiency report — 2026-09-22 23:46 IST

============================================================
NIFTY — chain data
============================================================
Total rows: 66150
Trading days with data: 7
Date range: 2026-09-13 to 2026-09-22

Excluded 1 real exchange holiday(s) from the count: 2026-09-14

WARNING: 1 day(s) with fewer than 300 rows (possible partial log day — worth checking error_log for that date):
    2026-09-13: 25 rows

NOT READY for training: 7/20 trading days collected.
Roughly 13 more trading day(s) needed before this crosses even the minimum floor — and crossing the floor means 'trainable without pure noise-fitting', not 'reliable'.

============================================================
CRUDEOILM — chain data
============================================================
Total rows: 152650
Trading days with data: 8
Date range: 2026-09-13 to 2026-09-22

WARNING: 1 day(s) with fewer than 300 rows (possible partial log day — worth checking error_log for that date):
    2026-09-13: 25 rows

NOT READY for training: 8/20 trading days collected.
Roughly 12 more trading day(s) needed before this crosses even the minimum floor — and crossing the floor means 'trainable without pure noise-fitting', not 'reliable'.

============================================================
SUMMARY
============================================================
  NIFTY: NOT READY (7 trading days)
  CRUDEOILM: NOT READY (8 trading days)
Data sufficiency report — 2026-09-23 01:23 IST

============================================================
NIFTY — chain data
============================================================
Total rows: 66150
Trading days with data: 7
Date range: 2026-09-13 to 2026-09-22

Excluded 1 real exchange holiday(s) from the count: 2026-09-14

WARNING: 1 day(s) with fewer than 300 rows (possible partial log day — worth checking error_log for that date):
    2026-09-13: 25 rows

NOT READY for training: 7/20 trading days collected.
Roughly 13 more trading day(s) needed before this crosses even the minimum floor — and crossing the floor means 'trainable without pure noise-fitting', not 'reliable'.

============================================================
CRUDEOILM — chain data
============================================================
Total rows: 152650
Trading days with data: 8
Date range: 2026-09-13 to 2026-09-22

WARNING: 1 day(s) with fewer than 300 rows (possible partial log day — worth checking error_log for that date):
    2026-09-13: 25 rows

NOT READY for training: 8/20 trading days collected.
Roughly 12 more trading day(s) needed before this crosses even the minimum floor — and crossing the floor means 'trainable without pure noise-fitting', not 'reliable'.

============================================================
SUMMARY
============================================================
  NIFTY: NOT READY (7 trading days)
  CRUDEOILM: NOT READY (8 trading days)
Data sufficiency report — 2026-09-23 10:58 IST

============================================================
NIFTY — chain data
============================================================
Total rows: 68725
Trading days with data: 8
Date range: 2026-09-13 to 2026-09-23

Excluded 1 real exchange holiday(s) from the count: 2026-09-14

WARNING: 1 day(s) with fewer than 300 rows (possible partial log day — worth checking error_log for that date):
    2026-09-13: 25 rows

NOT READY for training: 8/20 trading days collected.
Roughly 12 more trading day(s) needed before this crosses even the minimum floor — and crossing the floor means 'trainable without pure noise-fitting', not 'reliable'.

============================================================
CRUDEOILM — chain data
============================================================
Total rows: 155650
Trading days with data: 9
Date range: 2026-09-13 to 2026-09-23

WARNING: 1 day(s) with fewer than 300 rows (possible partial log day — worth checking error_log for that date):
    2026-09-13: 25 rows

NOT READY for training: 9/20 trading days collected.
Roughly 11 more trading day(s) needed before this crosses even the minimum floor — and crossing the floor means 'trainable without pure noise-fitting', not 'reliable'.

============================================================
SUMMARY
============================================================
  NIFTY: NOT READY (8 trading days)
  CRUDEOILM: NOT READY (9 trading days)
Data sufficiency report — 2026-09-23 23:46 IST

============================================================
NIFTY — chain data
============================================================
Total rows: 75550
Trading days with data: 8
Date range: 2026-09-13 to 2026-09-23

Excluded 1 real exchange holiday(s) from the count: 2026-09-14

WARNING: 1 day(s) with fewer than 300 rows (possible partial log day — worth checking error_log for that date):
    2026-09-13: 25 rows

NOT READY for training: 8/20 trading days collected.
Roughly 12 more trading day(s) needed before this crosses even the minimum floor — and crossing the floor means 'trainable without pure noise-fitting', not 'reliable'.

============================================================
CRUDEOILM — chain data
============================================================
Total rows: 174450
Trading days with data: 9
Date range: 2026-09-13 to 2026-09-23

WARNING: 1 day(s) with fewer than 300 rows (possible partial log day — worth checking error_log for that date):
    2026-09-13: 25 rows

NOT READY for training: 9/20 trading days collected.
Roughly 11 more trading day(s) needed before this crosses even the minimum floor — and crossing the floor means 'trainable without pure noise-fitting', not 'reliable'.

============================================================
SUMMARY
============================================================
  NIFTY: NOT READY (8 trading days)
  CRUDEOILM: NOT READY (9 trading days)
Data sufficiency report — 2026-09-24 23:46 IST

============================================================
NIFTY — chain data
============================================================
Total rows: 84925
Trading days with data: 9
Date range: 2026-09-13 to 2026-09-24

Excluded 1 real exchange holiday(s) from the count: 2026-09-14

WARNING: 1 day(s) with fewer than 300 rows (possible partial log day — worth checking error_log for that date):
    2026-09-13: 25 rows

NOT READY for training: 9/20 trading days collected.
Roughly 11 more trading day(s) needed before this crosses even the minimum floor — and crossing the floor means 'trainable without pure noise-fitting', not 'reliable'.

============================================================
CRUDEOILM — chain data
============================================================
Total rows: 196175
Trading days with data: 10
Date range: 2026-09-13 to 2026-09-24

WARNING: 1 day(s) with fewer than 300 rows (possible partial log day — worth checking error_log for that date):
    2026-09-13: 25 rows

NOT READY for training: 10/20 trading days collected.
Roughly 10 more trading day(s) needed before this crosses even the minimum floor — and crossing the floor means 'trainable without pure noise-fitting', not 'reliable'.

============================================================
SUMMARY
============================================================
  NIFTY: NOT READY (9 trading days)
  CRUDEOILM: NOT READY (10 trading days)
Data sufficiency report — 2026-09-25 14:15 IST

============================================================
NIFTY — chain data
============================================================
Total rows: 92400
Trading days with data: 10
Date range: 2026-09-13 to 2026-09-25

Excluded 1 real exchange holiday(s) from the count: 2026-09-14

WARNING: 1 day(s) with fewer than 300 rows (possible partial log day — worth checking error_log for that date):
    2026-09-13: 25 rows

NOT READY for training: 10/20 trading days collected.
Roughly 10 more trading day(s) needed before this crosses even the minimum floor — and crossing the floor means 'trainable without pure noise-fitting', not 'reliable'.

============================================================
CRUDEOILM — chain data
============================================================
Total rows: 204050
Trading days with data: 11
Date range: 2026-09-13 to 2026-09-25

WARNING: 1 day(s) with fewer than 300 rows (possible partial log day — worth checking error_log for that date):
    2026-09-13: 25 rows

NOT READY for training: 11/20 trading days collected.
Roughly 9 more trading day(s) needed before this crosses even the minimum floor — and crossing the floor means 'trainable without pure noise-fitting', not 'reliable'.

============================================================
SUMMARY
============================================================
  NIFTY: NOT READY (10 trading days)
  CRUDEOILM: NOT READY (11 trading days)
Data sufficiency report — 2026-09-25 23:47 IST

============================================================
NIFTY — chain data
============================================================
Total rows: 94325
Trading days with data: 10
Date range: 2026-09-13 to 2026-09-25

Excluded 1 real exchange holiday(s) from the count: 2026-09-14

WARNING: 1 day(s) with fewer than 300 rows (possible partial log day — worth checking error_log for that date):
    2026-09-13: 25 rows

NOT READY for training: 10/20 trading days collected.
Roughly 10 more trading day(s) needed before this crosses even the minimum floor — and crossing the floor means 'trainable without pure noise-fitting', not 'reliable'.

============================================================
CRUDEOILM — chain data
============================================================
Total rows: 217950
Trading days with data: 11
Date range: 2026-09-13 to 2026-09-25

WARNING: 1 day(s) with fewer than 300 rows (possible partial log day — worth checking error_log for that date):
    2026-09-13: 25 rows

NOT READY for training: 11/20 trading days collected.
Roughly 9 more trading day(s) needed before this crosses even the minimum floor — and crossing the floor means 'trainable without pure noise-fitting', not 'reliable'.

============================================================
SUMMARY
============================================================
  NIFTY: NOT READY (10 trading days)
  CRUDEOILM: NOT READY (11 trading days)
Data sufficiency report — 2026-09-28 19:10 IST

============================================================
NIFTY — chain data
============================================================
Total rows: 103725
Trading days with data: 11
Date range: 2026-09-13 to 2026-09-28

Excluded 1 real exchange holiday(s) from the count: 2026-09-14

WARNING: 1 day(s) with fewer than 300 rows (possible partial log day — worth checking error_log for that date):
    2026-09-13: 25 rows

NOT READY for training: 11/20 trading days collected.
Roughly 9 more trading day(s) needed before this crosses even the minimum floor — and crossing the floor means 'trainable without pure noise-fitting', not 'reliable'.

============================================================
CRUDEOILM — chain data
============================================================
Total rows: 233200
Trading days with data: 12
Date range: 2026-09-13 to 2026-09-28

WARNING: 1 day(s) with fewer than 300 rows (possible partial log day — worth checking error_log for that date):
    2026-09-13: 25 rows

NOT READY for training: 12/20 trading days collected.
Roughly 8 more trading day(s) needed before this crosses even the minimum floor — and crossing the floor means 'trainable without pure noise-fitting', not 'reliable'.

============================================================
SUMMARY
============================================================
  NIFTY: NOT READY (11 trading days)
  CRUDEOILM: NOT READY (12 trading days)
Data sufficiency report — 2026-09-29 14:18 IST

============================================================
NIFTY — chain data
============================================================
Total rows: 111250
Trading days with data: 12
Date range: 2026-09-13 to 2026-09-29

Excluded 1 real exchange holiday(s) from the count: 2026-09-14

WARNING: 1 day(s) with fewer than 300 rows (possible partial log day — worth checking error_log for that date):
    2026-09-13: 25 rows

NOT READY for training: 12/20 trading days collected.
Roughly 8 more trading day(s) needed before this crosses even the minimum floor — and crossing the floor means 'trainable without pure noise-fitting', not 'reliable'.

============================================================
CRUDEOILM — chain data
============================================================
Total rows: 247700
Trading days with data: 13
Date range: 2026-09-13 to 2026-09-29

WARNING: 1 day(s) with fewer than 300 rows (possible partial log day — worth checking error_log for that date):
    2026-09-13: 25 rows

NOT READY for training: 13/20 trading days collected.
Roughly 7 more trading day(s) needed before this crosses even the minimum floor — and crossing the floor means 'trainable without pure noise-fitting', not 'reliable'.

============================================================
SUMMARY
============================================================
  NIFTY: NOT READY (12 trading days)
  CRUDEOILM: NOT READY (13 trading days)
Data sufficiency report — 2026-09-29 15:42 IST

============================================================
NIFTY — chain data
============================================================
Total rows: 113125
Trading days with data: 12
Date range: 2026-09-13 to 2026-09-29

Excluded 1 real exchange holiday(s) from the count: 2026-09-14

WARNING: 1 day(s) with fewer than 300 rows (possible partial log day — worth checking error_log for that date):
    2026-09-13: 25 rows

NOT READY for training: 12/20 trading days collected.
Roughly 8 more trading day(s) needed before this crosses even the minimum floor — and crossing the floor means 'trainable without pure noise-fitting', not 'reliable'.

============================================================
CRUDEOILM — chain data
============================================================
Total rows: 249800
Trading days with data: 13
Date range: 2026-09-13 to 2026-09-29

WARNING: 1 day(s) with fewer than 300 rows (possible partial log day — worth checking error_log for that date):
    2026-09-13: 25 rows

NOT READY for training: 13/20 trading days collected.
Roughly 7 more trading day(s) needed before this crosses even the minimum floor — and crossing the floor means 'trainable without pure noise-fitting', not 'reliable'.

============================================================
SUMMARY
============================================================
  NIFTY: NOT READY (12 trading days)
  CRUDEOILM: NOT READY (13 trading days)
Data sufficiency report — 2026-09-29 18:19 IST

============================================================
NIFTY — chain data
============================================================
Total rows: 113125
Trading days with data: 12
Date range: 2026-09-13 to 2026-09-29

Excluded 1 real exchange holiday(s) from the count: 2026-09-14

WARNING: 1 day(s) with fewer than 300 rows (possible partial log day — worth checking error_log for that date):
    2026-09-13: 25 rows

NOT READY for training: 12/20 trading days collected.
Roughly 8 more trading day(s) needed before this crosses even the minimum floor — and crossing the floor means 'trainable without pure noise-fitting', not 'reliable'.

============================================================
CRUDEOILM — chain data
============================================================
Total rows: 249975
Trading days with data: 13
Date range: 2026-09-13 to 2026-09-29

WARNING: 1 day(s) with fewer than 300 rows (possible partial log day — worth checking error_log for that date):
    2026-09-13: 25 rows

NOT READY for training: 13/20 trading days collected.
Roughly 7 more trading day(s) needed before this crosses even the minimum floor — and crossing the floor means 'trainable without pure noise-fitting', not 'reliable'.

============================================================
SUMMARY
============================================================
  NIFTY: NOT READY (12 trading days)
  CRUDEOILM: NOT READY (13 trading days)
Data sufficiency report — 2026-09-29 18:22 IST

============================================================
NIFTY — chain data
============================================================
Total rows: 113125
Trading days with data: 12
Date range: 2026-09-13 to 2026-09-29

Excluded 1 real exchange holiday(s) from the count: 2026-09-14

WARNING: 1 day(s) with fewer than 300 rows (possible partial log day — worth checking error_log for that date):
    2026-09-13: 25 rows

NOT READY for training: 12/20 trading days collected.
Roughly 8 more trading day(s) needed before this crosses even the minimum floor — and crossing the floor means 'trainable without pure noise-fitting', not 'reliable'.

============================================================
CRUDEOILM — chain data
============================================================
Total rows: 253825
Trading days with data: 13
Date range: 2026-09-13 to 2026-09-29

WARNING: 1 day(s) with fewer than 300 rows (possible partial log day — worth checking error_log for that date):
    2026-09-13: 25 rows

NOT READY for training: 13/20 trading days collected.
Roughly 7 more trading day(s) needed before this crosses even the minimum floor — and crossing the floor means 'trainable without pure noise-fitting', not 'reliable'.

============================================================
SUMMARY
============================================================
  NIFTY: NOT READY (12 trading days)
  CRUDEOILM: NOT READY (13 trading days)
Data sufficiency report — 2026-09-29 23:47 IST

============================================================
NIFTY — chain data
============================================================
Total rows: 113125
Trading days with data: 12
Date range: 2026-09-13 to 2026-09-29

Excluded 1 real exchange holiday(s) from the count: 2026-09-14

WARNING: 1 day(s) with fewer than 300 rows (possible partial log day — worth checking error_log for that date):
    2026-09-13: 25 rows

NOT READY for training: 12/20 trading days collected.
Roughly 8 more trading day(s) needed before this crosses even the minimum floor — and crossing the floor means 'trainable without pure noise-fitting', not 'reliable'.

============================================================
CRUDEOILM — chain data
============================================================
Total rows: 261525
Trading days with data: 13
Date range: 2026-09-13 to 2026-09-29

WARNING: 1 day(s) with fewer than 300 rows (possible partial log day — worth checking error_log for that date):
    2026-09-13: 25 rows

NOT READY for training: 13/20 trading days collected.
Roughly 7 more trading day(s) needed before this crosses even the minimum floor — and crossing the floor means 'trainable without pure noise-fitting', not 'reliable'.

============================================================
SUMMARY
============================================================
  NIFTY: NOT READY (12 trading days)
  CRUDEOILM: NOT READY (13 trading days)
Data sufficiency report — 2026-09-30 17:42 IST

============================================================
NIFTY — chain data
============================================================
Total rows: 122525
Trading days with data: 13
Date range: 2026-09-13 to 2026-09-30

Excluded 1 real exchange holiday(s) from the count: 2026-09-14

WARNING: 1 day(s) with fewer than 300 rows (possible partial log day — worth checking error_log for that date):
    2026-09-13: 25 rows

NOT READY for training: 13/20 trading days collected.
Roughly 7 more trading day(s) needed before this crosses even the minimum floor — and crossing the floor means 'trainable without pure noise-fitting', not 'reliable'.

============================================================
CRUDEOILM — chain data
============================================================
Total rows: 274575
Trading days with data: 14
Date range: 2026-09-13 to 2026-09-30

WARNING: 1 day(s) with fewer than 300 rows (possible partial log day — worth checking error_log for that date):
    2026-09-13: 25 rows

NOT READY for training: 14/20 trading days collected.
Roughly 6 more trading day(s) needed before this crosses even the minimum floor — and crossing the floor means 'trainable without pure noise-fitting', not 'reliable'.

============================================================
SUMMARY
============================================================
  NIFTY: NOT READY (13 trading days)
  CRUDEOILM: NOT READY (14 trading days)
Data sufficiency report — 2026-10-01 19:44 IST

============================================================
NIFTY — chain data
============================================================
Total rows: 131925
Trading days with data: 14
Date range: 2026-09-13 to 2026-10-01

Excluded 1 real exchange holiday(s) from the count: 2026-09-14

WARNING: 1 day(s) with fewer than 300 rows (possible partial log day — worth checking error_log for that date):
    2026-09-13: 25 rows

NOT READY for training: 14/20 trading days collected.
Roughly 6 more trading day(s) needed before this crosses even the minimum floor — and crossing the floor means 'trainable without pure noise-fitting', not 'reliable'.

============================================================
CRUDEOILM — chain data
============================================================
Data sufficiency report — 2026-10-01 19:46 IST

============================================================
NIFTY — chain data
============================================================
Total rows: 131925
Trading days with data: 14
Date range: 2026-09-13 to 2026-10-01

Excluded 1 real exchange holiday(s) from the count: 2026-09-14

WARNING: 1 day(s) with fewer than 300 rows (possible partial log day — worth checking error_log for that date):
    2026-09-13: 25 rows

NOT READY for training: 14/20 trading days collected.
Roughly 6 more trading day(s) needed before this crosses even the minimum floor — and crossing the floor means 'trainable without pure noise-fitting', not 'reliable'.

============================================================
CRUDEOILM — chain data
============================================================
Total rows: 299400
Trading days with data: 15
Date range: 2026-09-13 to 2026-10-01

WARNING: 1 day(s) with fewer than 300 rows (possible partial log day — worth checking error_log for that date):
    2026-09-13: 25 rows

NOT READY for training: 15/20 trading days collected.
Roughly 5 more trading day(s) needed before this crosses even the minimum floor — and crossing the floor means 'trainable without pure noise-fitting', not 'reliable'.

============================================================
SUMMARY
============================================================
  NIFTY: NOT READY (14 trading days)
  CRUDEOILM: NOT READY (15 trading days)
